// Jest Snapshot v1, https://goo.gl/fbAQLP

exports[`App Snapshot is equal to previous snapshot 1`] = `
<div
  className="main-app"
>
  Hello
  <br />
  <button
    className="button"
    onClick={[Function]}
    type="button"
  >
    Button
  </button>
</div>
`;
