// Jest Snapshot v1, https://goo.gl/fbAQLP

exports[`Button Snapshot is equal to previous snapshot 1`] = `
<button
  className="button "
  onClick={[Function]}
  type="button"
>
  button text
</button>
`;
